###############################################################################
#
# IAR ELF Linker V3.11.1.207 for STM8                     22/Aug/2019  14:26:41
# Copyright 2010-2019 IAR Systems AB.
#
#    Output file  =  
#        D:\Drive\OneDrive\Tai_Lieu\USB\USB_Soft\STM8S\USB_STM8_HSI\USB_STM8S_HSI_V1\Debug\Exe\USB_STM8_HSI.out
#    Map file     =  
#        D:\Drive\OneDrive\Tai_Lieu\USB\USB_Soft\STM8S\USB_STM8_HSI\USB_STM8S_HSI_V1\Debug\List\USB_STM8_HSI.map
#    Command line =  
#        -f C:\Users\yeula\AppData\Local\Temp\EW550C.tmp
#        (D:\Drive\OneDrive\Tai_Lieu\USB\USB_Soft\STM8S\USB_STM8_HSI\USB_STM8S_HSI_V1\Debug\Obj\delay.o
#        D:\Drive\OneDrive\Tai_Lieu\USB\USB_Soft\STM8S\USB_STM8_HSI\USB_STM8S_HSI_V1\Debug\Obj\main.o
#        D:\Drive\OneDrive\Tai_Lieu\USB\USB_Soft\STM8S\USB_STM8_HSI\USB_STM8S_HSI_V1\Debug\Obj\remove_bit_stuffed.o
#        D:\Drive\OneDrive\Tai_Lieu\USB\USB_Soft\STM8S\USB_STM8_HSI\USB_STM8S_HSI_V1\Debug\Obj\usb.o
#        D:\Drive\OneDrive\Tai_Lieu\USB\USB_Soft\STM8S\USB_STM8_HSI\USB_STM8S_HSI_V1\Debug\Obj\usb_received.o
#        D:\Drive\OneDrive\Tai_Lieu\USB\USB_Soft\STM8S\USB_STM8_HSI\USB_STM8S_HSI_V1\Debug\Obj\usb_rx.o
#        D:\Drive\OneDrive\Tai_Lieu\USB\USB_Soft\STM8S\USB_STM8_HSI\USB_STM8S_HSI_V1\Debug\Obj\usb_tx.o
#        --redirect _Printf=_PrintfFullNoMb --redirect _Scanf=_ScanfFullNoMb
#        --no_out_extension -o
#        D:\Drive\OneDrive\Tai_Lieu\USB\USB_Soft\STM8S\USB_STM8_HSI\USB_STM8S_HSI_V1\Debug\Exe\USB_STM8_HSI.out
#        --map
#        D:\Drive\OneDrive\Tai_Lieu\USB\USB_Soft\STM8S\USB_STM8_HSI\USB_STM8S_HSI_V1\Debug\List\USB_STM8_HSI.map
#        --config
#        D:\Drive\OneDrive\Tai_Lieu\USB\USB_Soft\STM8S\USB_STM8_HSI\USB_STM8S_HSI_V1\Linker\lnkstm8s003f3.icf
#        --config_def _CSTACK_SIZE=0x100 --config_def _HEAP_SIZE=0x100 --entry
#        __iar_program_start --debug_lib)
#
###############################################################################

*******************************************************************************
*** RUNTIME MODEL ATTRIBUTES
***

__SystemLibrary            = DLib
__code_model               = small
__core                     = stm8
__data_model               = medium
__dlib_file_descriptor     = 0
__dlib_full_locale_support = 0
__rt_version               = 4


*******************************************************************************
*** PLACEMENT SUMMARY
***

"A0":  place at start of [0x000000-0x0000ff] { rw section .vregs };
"A1":  place at end of [0x000000-0x0003ff] { block CSTACK };
"P2":  place in [from 0x000000 to 0x0003ff] {
          block HEAP, rw section __DLIB_PERTHREAD, rw section .far.bss,
          rw section .far.data, rw section .far.noinit,
          rw section .far_func.textrw, rw section .huge.bss,
          rw section .huge.data, rw section .huge.noinit,
          rw section .huge_func.textrw, rw section .iar.dynexit,
          rw section .near.bss, rw section .near.data, rw section .near.noinit,
          rw section .near_func.textrw };
"A2":  place at start of [0x008000-0x009fff] { block INTVEC };
"P3":  place in [from 0x008000 to 0x009fff] {
          ro section __DLIB_PERTHREAD_init, ro section .far.data_init,
          ro section .far_func.textrw_init, ro section .huge.data_init,
          ro section .huge_func.textrw_init, ro section .iar.init_table,
          ro section .init_array, ro section .near.data_init,
          ro section .near.rodata, ro section .near_func.text,
          ro section .near_func.textrw_init, ro section .tiny.data_init,
          ro section .tiny.rodata_init };
"P4":  place in [from 0x008000 to 0x009fff] {
          ro section .far.rodata, ro section .far_func.text };
"P5":  place in [from 0x008000 to 0x009fff] {
          ro section .huge.rodata, ro section .huge_func.text };
"P9":  place in [from 0x008080 to 0x008280] { section .usb_rx_func.rodata };
"P10": place in [from 0x008300 to 0x008480] { section .usb_tx_func.rodata };
do not initialize {
   rw section .eeprom.noinit, rw section .far.noinit, rw section .huge.noinit,
   rw section .near.noinit, rw section .tiny.noinit, rw section .vregs };
initialize by copy {
   rw section .far.bss, rw section .far.data, rw section .far_func.textrw,
   rw section .huge.bss, rw section .huge.data, rw section .huge_func.textrw,
   rw section .iar.dynexit, rw section .near.bss, rw section .near.data,
   rw section .near_func.textrw, rw section .tiny.bss, rw section .tiny.data,
   ro section .tiny.rodata };

No sections matched the following patterns:

  ro section .far.data_init          in "P3-P5"
  ro section .far.rodata             in "P3-P5"
  ro section .far_func.text          in "P3-P5"
  ro section .far_func.textrw_init   in "P3-P5"
  ro section .huge.data_init         in "P3-P5"
  ro section .huge.rodata            in "P3-P5"
  ro section .huge_func.text         in "P3-P5"
  ro section .huge_func.textrw_init  in "P3-P5"
  ro section .iar.init_table         in "P3-P5"
  ro section .init_array             in "P3-P5"
  ro section .near_func.textrw_init  in "P3-P5"
  ro section .tiny.data_init         in "P3-P5"
  ro section .tiny.rodata_init       in "P3-P5"
  ro section __DLIB_PERTHREAD_init   in "P3-P5"
  rw section .far.bss                in "P2"
  rw section .far.data               in "P2"
  rw section .far.noinit             in "P2"
  rw section .far_func.textrw        in "P2"
  rw section .huge.bss               in "P2"
  rw section .huge.data              in "P2"
  rw section .huge.noinit            in "P2"
  rw section .huge_func.textrw       in "P2"
  rw section .iar.dynexit            in "P2"
  rw section .near.noinit            in "P2"
  rw section .near_func.textrw       in "P2"
  rw section .tiny.bss               in "P1"
  rw section .tiny.data              in "P1"
  rw section .tiny.noinit            in "P1"
  rw section .tiny.rodata            in "P1"
  rw section __DLIB_PERTHREAD        in "P2"
  section .eeprom.data               in "P6-P8"
  section .eeprom.noinit             in "P6-P8"
  section .eeprom.rodata             in "P6-P8"


  Section              Kind      Address   Size  Object
  -------              ----      -------   ----  ------
"A0":                                       0xc
  .vregs               uninit   0x000000    0xc  vregs.o [4]
                              - 0x00000c    0xc

"P2", part 1 of 2:                          0x6
  P2-1                          0x00000c    0x6  <Init block>
    .near.data         inited   0x00000c    0x1  usb.o [1]
    .near.data         inited   0x00000d    0x5  usb.o [1]
                              - 0x000012    0x6

"P2", part 2 of 2:                         0x45
  .near.bss            zero     0x000012   0x27  usb.o [1]
  .near.bss            zero     0x000039    0xe  usb.o [1]
  .near.bss            zero     0x000047    0x8  usb.o [1]
  .near.bss            zero     0x00004f    0x2  usb.o [1]
  .near.bss            zero     0x000051    0x2  usb.o [1]
  .near.bss            zero     0x000053    0x1  usb.o [1]
  .near.bss            zero     0x000054    0x1  usb.o [1]
  .near.bss            zero     0x000055    0x1  usb.o [1]
  .near.bss            zero     0x000056    0x1  usb.o [1]
                              - 0x000057   0x45

"A1":                                     0x100
  CSTACK                        0x000300  0x100  <Block>
    CSTACK             uninit   0x000300  0x100  <Block tail>
                              - 0x000400  0x100

Absolute sections, part 1 of 14:            0x1
  .near.noinit         uninit   0x00500a    0x1  usb.o [1]
                              - 0x00500b    0x1

Absolute sections, part 2 of 14:            0x3
  .near.noinit         uninit   0x00500c    0x1  usb.o [1]
  .near.noinit         uninit   0x00500d    0x1  usb.o [1]
  .near.noinit         uninit   0x00500e    0x1  usb.o [1]
                              - 0x00500f    0x3

Absolute sections, part 3 of 14:            0x2
  .near.noinit         uninit   0x00505b    0x1  usb.o [1]
  .near.noinit         uninit   0x00505c    0x1  usb.o [1]
                              - 0x00505d    0x2

Absolute sections, part 4 of 14:            0x1
  .near.noinit         uninit   0x005062    0x1  usb.o [1]
                              - 0x005063    0x1

Absolute sections, part 5 of 14:            0x1
  .near.noinit         uninit   0x005064    0x1  usb.o [1]
                              - 0x005065    0x1

Absolute sections, part 6 of 14:            0x2
  .near.noinit         uninit   0x0050c6    0x1  usb.o [1]
  .near.noinit         uninit   0x0050c7    0x1  usb.o [1]
                              - 0x0050c8    0x2

Absolute sections, part 7 of 14:            0x1
  .near.noinit         uninit   0x0050c9    0x1  usb.o [1]
                              - 0x0050ca    0x1

Absolute sections, part 8 of 14:            0x1
  .near.noinit         uninit   0x0050cc    0x1  usb.o [1]
                              - 0x0050cd    0x1

Absolute sections, part 9 of 14:            0x1
  .near.noinit         uninit   0x0050d1    0x1  usb.o [1]
                              - 0x0050d2    0x1

Absolute sections, part 10 of 14:           0x1
  .near.noinit         uninit   0x005252    0x1  usb.o [1]
                              - 0x005253    0x1

Absolute sections, part 11 of 14:           0x1
  .near.noinit         uninit   0x005254    0x1  usb.o [1]
                              - 0x005255    0x1

Absolute sections, part 12 of 14:           0x1
  .near.noinit         uninit   0x005259    0x1  usb.o [1]
                              - 0x00525a    0x1

Absolute sections, part 13 of 14:           0x1
  .near.noinit         uninit   0x00525c    0x1  usb.o [1]
                              - 0x00525d    0x1

Absolute sections, part 14 of 14:           0x2
  .near.noinit         uninit   0x005262    0x1  usb.o [1]
  .near.noinit         uninit   0x005263    0x1  usb.o [1]
                              - 0x005264    0x2

"A2":                                      0x80
  INTVEC                        0x008000   0x80  <Block>
    .intvec            const    0x008000   0x80  interrupt.o [4]
                              - 0x008080   0x80

"P9":                                     0x117
  .usb_rx_func.rodata  ro code  0x008080  0x117  usb_rx.o [1]
                              - 0x008197  0x117

"P10":                                    0x175
  .usb_tx_func.rodata  ro code  0x008300  0x175  usb_tx.o [1]
                              - 0x008475  0x175

"P3-P5":                                  0xbe4
  .near_func.text      ro code  0x008475  0x2f9  usb.o [1]
  .near.rodata         const    0x00876e  0x200  usb.o [1]
  .near_func.text      ro code  0x00896e  0x15a  usb.o [1]
  .near_func.text      ro code  0x008ac8  0x105  usb_received.o [1]
  .near_func.text      ro code  0x008bcd   0x6d  remove_bit_stuffed.o [1]
  .near_func.text      ro code  0x008c3a   0x63  usb.o [1]
  .near_func.text      ro code  0x008c9d   0x5f  usb.o [1]
  .near_func.text      ro code  0x008cfc   0x4d  usb.o [1]
  .near_func.text      ro code  0x008d49   0x4d  usb.o [1]
  .near_func.text      ro code  0x008d96   0x49  usb.o [1]
  .near_func.text      ro code  0x008ddf   0x3c  usb.o [1]
  .near_func.text      ro code  0x008e1b   0x2b  usb.o [1]
  .near_func.text      ro code  0x008e46   0x28  init_small.o [4]
  .iar.init_table      const    0x008e6e   0x12  - Linker created -
  .near_func.text      ro code  0x008e80   0x20  usb.o [1]
  .near.rodata         const    0x008ea0   0x1e  usb.o [1]
  .near_func.text      ro code  0x008ebe   0x1e  init_small.o [4]
  .near_func.text      ro code  0x008edc   0x1d  usb.o [1]
  .near.rodata         const    0x008ef9   0x1b  usb.o [1]
  .near.rodata         const    0x008f14   0x1a  usb.o [1]
  .near_func.text      ro code  0x008f2e   0x1a  delay.o [1]
  .near_func.text      ro code  0x008f48   0x19  usb.o [1]
  .near_func.text      ro code  0x008f61   0x18  vreg_util.o [4]
  .near.rodata         const    0x008f79   0x16  usb.o [1]
  .near.rodata         const    0x008f8f   0x16  usb.o [1]
  .near_func.text      ro code  0x008fa5   0x15  main.o [1]
  .near_func.text      ro code  0x008fba   0x14  init.o [4]
  .near_func.text      ro code  0x008fce   0x14  __dbg_xxexit.o [3]
  .near_func.text      ro code  0x008fe2   0x13  cstartup.o [4]
  .near.rodata         const    0x008ff5   0x12  usb.o [1]
  .near_func.text      ro code  0x009007   0x12  delay.o [1]
  .near_func.text      ro code  0x009019    0xe  usb.o [1]
  .near_func.text      ro code  0x009027    0xd  usb.o [1]
  .near.rodata         const    0x009034    0x8  usb.o [1]
  Initializer bytes    const    0x00903c    0x6  <for P2-1>
  .near_func.text      ro code  0x009042    0x5  cexit.o [4]
  .near.rodata         const    0x009047    0x4  usb.o [1]
  .near_func.text      ro code  0x00904b    0x3  interrupt.o [4]
  .near_func.text      ro code  0x00904e    0x3  low_level_init.o [4]
  .near_func.text      ro code  0x009051    0x3  exit.o [4]
  .near_func.text      ro code  0x009054    0x3  unhandled_exception.o [4]
  .near_func.text      ro code  0x009057    0x1  main.o [1]
  .near_func.text      ro code  0x009058    0x1  __dbg_break.o [3]
                              - 0x009059  0xbe4


*******************************************************************************
*** INIT TABLE
***

          Address   Size
          -------   ----
Zero (__iar_zero_init2)
    1 destination range, total size 0x45:
          0x000012  0x45

Copy (__iar_copy_init2)
    1 source range, total size 0x6:
          0x00903c   0x6
    1 destination range, total size 0x6:
          0x00000c   0x6



*******************************************************************************
*** MODULE SUMMARY
***

    Module                 ro code  ro data  rw data  rw data
                                                       (abs)
    ------                 -------  -------  -------  -------
D:\Drive\OneDrive\Tai_Lieu\USB\USB_Soft\STM8S\USB_STM8_HSI\USB_STM8S_HSI_V1\Debug\Obj: [1]
    delay.o                     44
    main.o                      22
    remove_bit_stuffed.o       109
    usb.o                    1 744      675       75       19
    usb_received.o             261
    usb_rx.o                   279
    usb_tx.o                   373
    ---------------------------------------------------------
    Total:                   2 832      675       75       19

command line: [2]
    ---------------------------------------------------------
    Total:

dbgstm8smd.a: [3]
    __dbg_break.o                1
    __dbg_xxexit.o              20
    ---------------------------------------------------------
    Total:                      21

dlstm8smn.a: [4]
    cexit.o                      5
    cstartup.o                  19
    exit.o                       3
    init.o                      20
    init_small.o                70
    interrupt.o                  3      128
    low_level_init.o             3
    unhandled_exception.o        3
    vreg_util.o                 24
    vregs.o                                       12
    ---------------------------------------------------------
    Total:                     150      128       12

    Linker created                       18      256
-------------------------------------------------------------
    Grand Total:             3 003      821      343       19


*******************************************************************************
*** ENTRY LIST
***

Entry                    Address   Size  Type      Object
-----                    -------   ----  ----      ------
.iar.init_table$$Base   0x008e6e          --   Gb  - Linker created -
.iar.init_table$$Limit  0x008e80          --   Gb  - Linker created -
?b0                     0x000000         Data  Gb  vregs.o [4]
?b1                     0x000001         Data  Gb  vregs.o [4]
?b10                    0x00000a         Data  Gb  vregs.o [4]
?b11                    0x00000b         Data  Gb  vregs.o [4]
?b2                     0x000002         Data  Gb  vregs.o [4]
?b3                     0x000003         Data  Gb  vregs.o [4]
?b4                     0x000004         Data  Gb  vregs.o [4]
?b5                     0x000005         Data  Gb  vregs.o [4]
?b6                     0x000006         Data  Gb  vregs.o [4]
?b7                     0x000007         Data  Gb  vregs.o [4]
?b8                     0x000008         Data  Gb  vregs.o [4]
?b9                     0x000009         Data  Gb  vregs.o [4]
?e0                     0x000001         Data  Gb  vregs.o [4]
?e1                     0x000005         Data  Gb  vregs.o [4]
?e2                     0x000009         Data  Gb  vregs.o [4]
?l0                     0x000000         Data  Gb  vregs.o [4]
?l1                     0x000004         Data  Gb  vregs.o [4]
?l2                     0x000008         Data  Gb  vregs.o [4]
?push_w4                0x008f61         Code  Gb  vreg_util.o [4]
?w0                     0x000000         Data  Gb  vregs.o [4]
?w1                     0x000002         Data  Gb  vregs.o [4]
?w2                     0x000004         Data  Gb  vregs.o [4]
?w3                     0x000006         Data  Gb  vregs.o [4]
?w4                     0x000008         Data  Gb  vregs.o [4]
?w5                     0x00000a         Data  Gb  vregs.o [4]
CLK_Init                0x009019    0xe  Code  Lc  usb.o [1]
CLK_PCKENR1             0x0050c7    0x1  Data  Gb  usb.o [1]
CSTACK$$Base            0x000300          --   Gb  - Linker created -
CSTACK$$Limit           0x000400          --   Gb  - Linker created -
FLASH_DUKR              0x005064    0x1  Data  Gb  usb.o [1]
FLASH_PUKR              0x005062    0x1  Data  Gb  usb.o [1]
GPIO_Init               0x008f48   0x19  Code  Lc  usb.o [1]
INTVEC$$Base            0x008000          --   Gb  - Linker created -
INTVEC$$Limit           0x008080          --   Gb  - Linker created -
OptionByte_Init         0x008c3a   0x63  Code  Lc  usb.o [1]
OptionByte_Init{1}{2}::optionByte
                        0x00000d    0x5  Data  Lc  usb.o [1]
Region$$Table$$Base     0x008e6e          --   Gb  - Linker created -
Region$$Table$$Limit    0x008e80          --   Gb  - Linker created -
TIM1_ARRH               0x005262    0x1  Data  Gb  usb.o [1]
TIM1_ARRL               0x005263    0x1  Data  Gb  usb.o [1]
TIM_Init                0x008edc   0x1d  Code  Lc  usb.o [1]
UDRF                    0x00000c    0x1  Data  Gb  usb.o [1]
USB_Disconnect          0x008e80   0x20  Code  Gb  usb.o [1]
USB_Init                0x008e1b   0x2b  Code  Gb  usb.o [1]
USB_Process             0x00896e  0x15a  Code  Gb  usb.o [1]
USB_Received            0x009057    0x1  Code  Gb  main.o [1]
USB_SendData            0x008475  0x2f9  Code  Gb  usb.o [1]
USB_SendNull            0x008ddf   0x3c  Code  Lc  usb.o [1]
USB_TimerTick           0x000051    0x2  Data  Gb  usb.o [1]
_A_CLK_CCOR             0x0050c9    0x1  Data  Gb  usb.o [1]
_A_CLK_CKDIVR           0x0050c6    0x1  Data  Gb  usb.o [1]
_A_CLK_HSITRIMR         0x0050cc    0x1  Data  Gb  usb.o [1]
_A_FLASH_CR2            0x00505b    0x1  Data  Gb  usb.o [1]
_A_FLASH_NCR2           0x00505c    0x1  Data  Gb  usb.o [1]
_A_PC_CR1               0x00500d    0x1  Data  Gb  usb.o [1]
_A_PC_CR2               0x00500e    0x1  Data  Gb  usb.o [1]
_A_PC_DDR               0x00500c    0x1  Data  Gb  usb.o [1]
_A_PC_ODR               0x00500a    0x1  Data  Gb  usb.o [1]
_A_TIM1_CCER1           0x00525c    0x1  Data  Gb  usb.o [1]
_A_TIM1_CCMR2           0x005259    0x1  Data  Gb  usb.o [1]
_A_TIM1_IER             0x005254    0x1  Data  Gb  usb.o [1]
_A_TIM1_SMCR            0x005252    0x1  Data  Gb  usb.o [1]
_A_WWDG_CR              0x0050d1    0x1  Data  Gb  usb.o [1]
__DebugBreak            0x009058    0x1  Code  Gb  __dbg_break.o [3]
__exit                  0x008fce   0x14  Code  Gb  __dbg_xxexit.o [3]
__iar_copy_init2        0x008e46         Code  Gb  init_small.o [4]
__iar_data_init2        0x008fba   0x14  Code  Gb  init.o [4]
__iar_program_start     0x008fe2         Code  Gb  cstartup.o [4]
__iar_unhandled_exception
                        0x009054         Code  Gb  unhandled_exception.o [4]
__iar_zero_init2        0x008ebe         Code  Gb  init_small.o [4]
__intvec                0x008000         Data  Gb  interrupt.o [4]
__low_level_init        0x00904e    0x3  Code  Gb  low_level_init.o [4]
_exit                   0x009042         Code  Gb  cexit.o [4]
_interrupt_14           0x008080         Code  Gb  usb_rx.o [1]
copy_data               0x008c9d   0x5f  Code  Gb  usb.o [1]
data_buffer             0x000047    0x8  Data  Gb  usb.o [1]
data_sync               0x000053    0x1  Data  Lc  usb.o [1]
delay_ms                0x008f2e   0x1a  Code  Gb  delay.o [1]
delay_us                0x009007   0x12  Code  Gb  delay.o [1]
exit                    0x009051    0x3  Code  Gb  exit.o [4]
main                    0x008fa5   0x15  Code  Gb  main.o [1]
pid_data_old            0x000056    0x1  Data  Gb  usb.o [1]
remove_bit_stuffed      0x008bcd         Code  Gb  remove_bit_stuffed.o [1]
table                   0x00876e  0x200  Data  Gb  usb.o [1]
usb                     0x000012   0x27  Data  Gb  usb.o [1]
usb_configuration_descriptor
                        0x008ef9   0x1b  Data  Lc  usb.o [1]
usb_device_descriptor   0x008ff5   0x12  Data  Lc  usb.o [1]
usb_received_2          0x008ac8         Code  Gb  usb_received.o [1]
usb_report_descriptor   0x008ea0   0x1e  Data  Lc  usb.o [1]
usb_report_null         0x009034    0x8  Data  Lc  usb.o [1]
usb_rx                  0x008080         Code  Gb  usb_rx.o [1]
usb_rx_buffer           0x000039    0xe  Data  Gb  usb.o [1]
usb_rx_count            0x000055    0x1  Data  Gb  usb.o [1]
usb_send_ack            0x008d49   0x4d  Code  Gb  usb.o [1]
usb_send_answer         0x008d96   0x49  Code  Gb  usb.o [1]
usb_send_nack           0x008cfc   0x4d  Code  Gb  usb.o [1]
usb_send_stall          0x009027    0xd  Code  Lc  usb.o [1]
usb_string_descriptor_device
                        0x008f14   0x1a  Data  Lc  usb.o [1]
usb_string_descriptor_language
                        0x009047    0x4  Data  Lc  usb.o [1]
usb_string_descriptor_serial
                        0x008f8f   0x16  Data  Lc  usb.o [1]
usb_string_descriptor_vendor
                        0x008f79   0x16  Data  Lc  usb.o [1]
usb_tx                  0x008300         Code  Gb  usb_tx.o [1]
usb_tx_buffer_pointer   0x00004f    0x2  Data  Gb  usb.o [1]
usb_tx_count            0x000054    0x1  Data  Gb  usb.o [1]


[1] = D:\Drive\OneDrive\Tai_Lieu\USB\USB_Soft\STM8S\USB_STM8_HSI\USB_STM8S_HSI_V1\Debug\Obj
[2] = command line
[3] = dbgstm8smd.a
[4] = dlstm8smn.a

  3 003 bytes of readonly  code memory
    821 bytes of readonly  data memory
    343 bytes of readwrite data memory (+ 19 absolute)

Errors: none
Warnings: none
